Component: ARM Compiler 5.06 update 4 (build 422) Tool: armlink [4d35d2]

==============================================================================

Section Cross References

    bsp_led.o(.text) refers to pin.o(.text) for rt_pin_mode
    bsp_led.o(.text) refers to timer.o(.text) for rt_timer_start
    bsp_led.o(.text) refers to kservice.o(.text) for rt_kprintf
    bsp_led.o(.text) refers to thread.o(.text) for rt_thread_create
    bsp_led.o(.text) refers to bsp_led.o(.bss) for timer_test
    bsp_led.o(.text) refers to bsp_led.o(.data) for timeout_value
    bsp_led.o(.rti_fn.6) refers to bsp_led.o(.text) for rt_led_init
    main.o(.text) refers to drv_nrf24.o(.text) for rt_hw_nrf_init
    main.o(.text) refers to thread.o(.text) for rt_thread_delay
    main.o(.text) refers to kservice.o(.text) for rt_kprintf
    main.o(.text) refers to main.o(.data) for tmp_buf
    board.o(.text) refers to stm32f4xx_hal_rcc.o(.text) for HAL_RCC_OscConfig
    board.o(.text) refers to stm32f4xx_hal_pwr_ex.o(.text) for HAL_PWREx_EnableOverDrive
    board.o(.text) refers to stm32f4xx_hal_cortex.o(.text) for HAL_SYSTICK_Config
    board.o(.text) refers to irq.o(.text) for rt_interrupt_enter
    board.o(.text) refers to stm32f4xx_hal.o(.text) for HAL_IncTick
    board.o(.text) refers to clock.o(.text) for rt_tick_increase
    board.o(.text) refers to thread.o(.text) for rt_thread_delay
    board.o(.text) refers to mem.o(.text) for rt_system_heap_init
    board.o(.text) refers to components.o(.text) for rt_components_board_init
    board.o(.text) refers to kservice.o(.text) for rt_console_set_device
    drv_gpio.o(.text) refers to stm32f4xx_hal_gpio.o(.text) for HAL_GPIO_WritePin
    drv_gpio.o(.text) refers to context_rvds.o(.text) for rt_hw_interrupt_disable
    drv_gpio.o(.text) refers to drv_gpio.o(.constdata) for pins
    drv_gpio.o(.text) refers to drv_gpio.o(.data) for pin_irq_hdr_tab
    drv_gpio.o(.text) refers to stm32f4xx_hal_cortex.o(.text) for HAL_NVIC_SetPriority
    drv_gpio.o(.text) refers to pin.o(.text) for rt_device_pin_register
    drv_gpio.o(.text) refers to irq.o(.text) for rt_interrupt_enter
    drv_gpio.o(.constdata) refers to drv_gpio.o(.text) for GPIOE_CLK_ENABLE
    drv_gpio.o(.rti_fn.1) refers to drv_gpio.o(.text) for rt_hw_pin_init
    drv_usart.o(.text) refers to kservice.o(.text) for rt_assert_handler
    drv_usart.o(.text) refers to stm32f4xx_hal_uart.o(.text) for HAL_UART_Init
    drv_usart.o(.text) refers to irq.o(.text) for rt_interrupt_enter
    drv_usart.o(.text) refers to serial.o(.text) for rt_hw_serial_isr
    drv_usart.o(.text) refers to stm32f4xx_hal_gpio.o(.text) for HAL_GPIO_Init
    drv_usart.o(.text) refers to drv_usart.o(.constdata) for __FUNCTION__
    drv_usart.o(.text) refers to drv_usart.o(.bss) for uart1
    drv_usart.o(.constdata) refers to drv_usart.o(.text) for drv_configure
    drv_usart.o(.rti_fn.1) refers to drv_usart.o(.text) for hw_usart_init
    drv_spi.o(.text) refers to stm32f4xx_hal_rcc.o(.text) for HAL_RCC_GetPCLK2Freq
    drv_spi.o(.text) refers to stm32f4xx_hal_spi.o(.text) for HAL_SPI_Init
    drv_spi.o(.text) refers to kservice.o(.text) for rt_assert_handler
    drv_spi.o(.text) refers to pin.o(.text) for rt_pin_write
    drv_spi.o(.text) refers to spi_core.o(.text) for rt_spi_bus_register
    drv_spi.o(.text) refers to mem.o(.text) for rt_malloc
    drv_spi.o(.text) refers to stm32f4xx_hal_gpio.o(.text) for HAL_GPIO_Init
    drv_spi.o(.text) refers to drv_spi.o(.constdata) for __FUNCTION__
    drv_spi.o(.text) refers to drv_spi.o(.bss) for _spi_bus1
    drv_spi.o(.text) refers to drv_spi.o(.data) for _spi1
    drv_spi.o(.constdata) refers to drv_spi.o(.text) for spi_configure
    drv_spi.o(.rti_fn.1) refers to drv_spi.o(.text) for stm32_hw_spi_init
    drv_nrf24.o(.text) refers to spi_core.o(.text) for rt_spi_send_then_recv
    drv_nrf24.o(.text) refers to kservice.o(.text) for rt_kprintf
    drv_nrf24.o(.text) refers to pin.o(.text) for rt_pin_write
    drv_nrf24.o(.text) refers to thread.o(.text) for rt_thread_delay
    drv_nrf24.o(.text) refers to drv_nrf24.o(.bss) for nrf_device
    drv_nrf24.o(.text) refers to drv_nrf24.o(.constdata) for __FUNCTION__
    drv_nrf24.o(.text) refers to drv_nrf24.o(.data) for spi_cs
    system_stm32f4xx.o(.text) refers to system_stm32f4xx.o(.data) for SystemCoreClock
    system_stm32f4xx.o(.text) refers to system_stm32f4xx.o(.constdata) for AHBPrescTable
    startup_stm32f429xx.o(STACK) refers (Special) to heapauxi.o(.text) for __use_two_region_memory
    startup_stm32f429xx.o(HEAP) refers (Special) to heapauxi.o(.text) for __use_two_region_memory
    startup_stm32f429xx.o(RESET) refers (Special) to heapauxi.o(.text) for __use_two_region_memory
    startup_stm32f429xx.o(RESET) refers to startup_stm32f429xx.o(STACK) for __initial_sp
    startup_stm32f429xx.o(RESET) refers to startup_stm32f429xx.o(.text) for Reset_Handler
    startup_stm32f429xx.o(RESET) refers to stm32f4xx_it.o(.text) for NMI_Handler
[...]
    HAL_SPI_DMAStop                          0x08004e31   Thumb Code    46  stm32f4xx_hal_spi.o(.text)
    HAL_SPI_IRQHandler                       0x08004e73   Thumb Code   308  stm32f4xx_hal_spi.o(.text)
    HAL_SPI_GetState                         0x08004fa7   Thumb Code     8  stm32f4xx_hal_spi.o(.text)
    HAL_SPI_GetError                         0x08004faf   Thumb Code     6  stm32f4xx_hal_spi.o(.text)
    HAL_UART_Init                            0x0800532b   Thumb Code   114  stm32f4xx_hal_uart.o(.text)
    HAL_HalfDuplex_Init                      0x0800539d   Thumb Code   128  stm32f4xx_hal_uart.o(.text)
    HAL_LIN_Init                             0x0800541d   Thumb Code   142  stm32f4xx_hal_uart.o(.text)
    HAL_MultiProcessor_Init                  0x080054ab   Thumb Code   154  stm32f4xx_hal_uart.o(.text)
    HAL_UART_DeInit                          0x08005547   Thumb Code    46  stm32f4xx_hal_uart.o(.text)
    HAL_UART_Transmit                        0x080055e1   Thumb Code   214  stm32f4xx_hal_uart.o(.text)
    HAL_UART_Receive                         0x080056b7   Thumb Code   222  stm32f4xx_hal_uart.o(.text)
    HAL_UART_Transmit_IT                     0x08005795   Thumb Code    88  stm32f4xx_hal_uart.o(.text)
    HAL_UART_Receive_IT                      0x080057ed   Thumb Code   100  stm32f4xx_hal_uart.o(.text)
    HAL_UART_ErrorCallback                   0x08005851   Thumb Code     2  stm32f4xx_hal_uart.o(.text)
    HAL_UART_TxHalfCpltCallback              0x080058d7   Thumb Code     2  stm32f4xx_hal_uart.o(.text)
    HAL_UART_TxCpltCallback                  0x080058e7   Thumb Code     2  stm32f4xx_hal_uart.o(.text)
    HAL_UART_Transmit_DMA                    0x0800591f   Thumb Code   142  stm32f4xx_hal_uart.o(.text)
    HAL_UART_RxHalfCpltCallback              0x080059ad   Thumb Code     2  stm32f4xx_hal_uart.o(.text)
    HAL_UART_RxCpltCallback                  0x080059bd   Thumb Code     2  stm32f4xx_hal_uart.o(.text)
    HAL_UART_Receive_DMA                     0x08005a05   Thumb Code   182  stm32f4xx_hal_uart.o(.text)
    HAL_UART_DMAPause                        0x08005abb   Thumb Code   124  stm32f4xx_hal_uart.o(.text)
    HAL_UART_DMAResume                       0x08005b37   Thumb Code   126  stm32f4xx_hal_uart.o(.text)
    HAL_UART_DMAStop                         0x08005bb5   Thumb Code   102  stm32f4xx_hal_uart.o(.text)
    HAL_UART_Abort                           0x08005c1b   Thumb Code   126  stm32f4xx_hal_uart.o(.text)
    HAL_UART_AbortTransmit                   0x08005c99   Thumb Code    68  stm32f4xx_hal_uart.o(.text)
    HAL_UART_AbortReceive                    0x08005cdd   Thumb Code    80  stm32f4xx_hal_uart.o(.text)
    HAL_UART_AbortCpltCallback               0x08005d2d   Thumb Code     2  stm32f4xx_hal_uart.o(.text)
    HAL_UART_Abort_IT                        0x08005dad   Thumb Code   208  stm32f4xx_hal_uart.o(.text)
    HAL_UART_AbortTransmitCpltCallback       0x08005e7d   Thumb Code     2  stm32f4xx_hal_uart.o(.text)
    HAL_UART_AbortTransmit_IT                0x08005e97   Thumb Code   102  stm32f4xx_hal_uart.o(.text)
    HAL_UART_AbortReceiveCpltCallback        0x08005efd   Thumb Code     2  stm32f4xx_hal_uart.o(.text)
    HAL_UART_AbortReceive_IT                 0x08005f17   Thumb Code   114  stm32f4xx_hal_uart.o(.text)
    HAL_UART_IRQHandler                      0x080060bf   Thumb Code   348  stm32f4xx_hal_uart.o(.text)
    HAL_LIN_SendBreak                        0x0800621b   Thumb Code    62  stm32f4xx_hal_uart.o(.text)
    HAL_MultiProcessor_EnterMuteMode         0x08006259   Thumb Code    62  stm32f4xx_hal_uart.o(.text)
    HAL_MultiProcessor_ExitMuteMode          0x08006297   Thumb Code    62  stm32f4xx_hal_uart.o(.text)
    HAL_HalfDuplex_EnableTransmitter         0x080062d5   Thumb Code    68  stm32f4xx_hal_uart.o(.text)
    HAL_HalfDuplex_EnableReceiver            0x08006319   Thumb Code    68  stm32f4xx_hal_uart.o(.text)
    HAL_UART_GetState                        0x0800635d   Thumb Code    20  stm32f4xx_hal_uart.o(.text)
    HAL_UART_GetError                        0x08006371   Thumb Code     6  stm32f4xx_hal_uart.o(.text)
    rt_system_tick_init                      0x08006379   Thumb Code     2  clock.o(.text)
    rt_tick_get                              0x0800637b   Thumb Code     6  clock.o(.text)
    rt_tick_set                              0x08006381   Thumb Code    22  clock.o(.text)
    rt_tick_increase                         0x08006397   Thumb Code    42  clock.o(.text)
    rt_tick_from_millisecond                 0x080063c1   Thumb Code    30  clock.o(.text)
    rt_components_board_init                 0x080063f5   Thumb Code    20  components.o(.text)
    rt_components_init                       0x08006409   Thumb Code    20  components.o(.text)
    main_thread_entry                        0x0800641d   Thumb Code    14  components.o(.text)
    rt_application_init                      0x0800642b   Thumb Code    48  components.o(.text)
    rtthread_startup                         0x0800645b   Thumb Code    42  components.o(.text)
    main                                     0x08006485   Thumb Code    14  components.o(.text)
    rt_device_find                           0x080064bd   Thumb Code    94  device.o(.text)
    rt_device_register                       0x0800651b   Thumb Code    52  device.o(.text)
    rt_device_unregister                     0x0800654f   Thumb Code    26  device.o(.text)
    rt_device_init_all                       0x08006569   Thumb Code     4  device.o(.text)
    rt_device_create                         0x0800656d   Thumb Code    40  device.o(.text)
    rt_device_destroy                        0x08006595   Thumb Code    18  device.o(.text)
    rt_device_init                           0x080065a7   Thumb Code    64  device.o(.text)
    rt_device_open                           0x080065e7   Thumb Code   150  device.o(.text)
    rt_device_close                          0x0800667d   Thumb Code    70  device.o(.text)
    rt_device_read                           0x080066c3   Thumb Code    76  device.o(.text)
    rt_device_write                          0x0800670f   Thumb Code    76  device.o(.text)
    rt_device_control                        0x0800675b   Thumb Code    44  device.o(.text)
    rt_device_set_rx_indicate                0x08006787   Thumb Code    26  device.o(.text)
    rt_device_set_tx_complete                0x080067a1   Thumb Code    26  device.o(.text)
    rt_thread_idle_sethook                   0x08006859   Thumb Code     6  idle.o(.text)
    rt_thread_idle_excute                    0x0800685f   Thumb Code   168  idle.o(.text)
    rt_thread_idle_init                      0x0800691b   Thumb Code    38  idle.o(.text)
    rt_thread_idle_gethandler                0x08006941   Thumb Code     4  idle.o(.text)
    rt_sem_init                              0x08006a4d   Thumb Code    50  ipc.o(.text)
    rt_sem_detach                            0x08006a7f   Thumb Code    34  ipc.o(.text)
    rt_sem_create                            0x08006aa1   Thumb Code    84  ipc.o(.text)
    rt_sem_delete                            0x08006af5   Thumb Code    78  ipc.o(.text)
    rt_sem_take                              0x08006b43   Thumb Code   266  ipc.o(.text)
    rt_sem_trytake                           0x08006c4d   Thumb Code    14  ipc.o(.text)
    rt_sem_release                           0x08006c5b   Thumb Code    80  ipc.o(.text)
    rt_sem_control                           0x08006cab   Thumb Code    68  ipc.o(.text)
    rt_mutex_init                            0x08006cef   Thumb Code    58  ipc.o(.text)
    rt_mutex_detach                          0x08006d29   Thumb Code    36  ipc.o(.text)
    rt_mutex_create                          0x08006d4d   Thumb Code    96  ipc.o(.text)
    rt_mutex_delete                          0x08006dad   Thumb Code    78  ipc.o(.text)
    rt_mutex_take                            0x08006dfb   Thumb Code   538  ipc.o(.text)
    rt_mutex_release                         0x08007015   Thumb Code   272  ipc.o(.text)
    rt_mutex_control                         0x08007125   Thumb Code     8  ipc.o(.text)
    rt_event_init                            0x0800712d   Thumb Code    46  ipc.o(.text)
    rt_event_detach                          0x0800715b   Thumb Code    36  ipc.o(.text)
    rt_event_create                          0x0800717f   Thumb Code    88  ipc.o(.text)
    rt_event_delete                          0x080071d7   Thumb Code    82  ipc.o(.text)
    rt_event_send                            0x08007229   Thumb Code   272  ipc.o(.text)
    rt_event_recv                            0x08007339   Thumb Code   380  ipc.o(.text)
    rt_event_control                         0x080074b5   Thumb Code    70  ipc.o(.text)
    rt_mb_init                               0x080074fb   Thumb Code    76  ipc.o(.text)
    rt_mb_detach                             0x08007547   Thumb Code    44  ipc.o(.text)
    rt_mb_create                             0x08007573   Thumb Code   128  ipc.o(.text)
    rt_mb_delete                             0x080075f3   Thumb Code    96  ipc.o(.text)
    rt_mb_send_wait                          0x08007653   Thumb Code   436  ipc.o(.text)
    rt_mb_send                               0x08007807   Thumb Code    18  ipc.o(.text)
    rt_mb_recv                               0x08007819   Thumb Code   412  ipc.o(.text)
    rt_mb_control                            0x080079b5   Thumb Code    82  ipc.o(.text)
    rt_mq_init                               0x08007a07   Thumb Code   118  ipc.o(.text)
    rt_mq_detach                             0x08007a7d   Thumb Code    36  ipc.o(.text)
    rt_mq_delete                             0x08007aa1   Thumb Code    88  ipc.o(.text)
    rt_mq_create                             0x08007af9   Thumb Code   174  ipc.o(.text)
    rt_mq_send                               0x08007ba7   Thumb Code   290  ipc.o(.text)
    rt_mq_urgent                             0x08007cc9   Thumb Code   198  ipc.o(.text)
    rt_mq_recv                               0x08007d8f   Thumb Code   438  ipc.o(.text)
    rt_mq_control                            0x08007f45   Thumb Code    98  ipc.o(.text)
    rt_interrupt_enter_sethook               0x08007ffd   Thumb Code     6  irq.o(.text)
    rt_interrupt_leave_sethook               0x08008003   Thumb Code     6  irq.o(.text)
    rt_interrupt_enter                       0x08008009   Thumb Code    46  irq.o(.text)
    rt_interrupt_leave                       0x08008037   Thumb Code    46  irq.o(.text)
    rt_interrupt_get_nest                    0x08008065   Thumb Code     6  irq.o(.text)
    rt_get_errno                             0x08008079   Thumb Code    32  kservice.o(.text)
    rt_set_errno                             0x08008099   Thumb Code    36  kservice.o(.text)
    _rt_errno                                0x080080bd   Thumb Code    30  kservice.o(.text)
    rt_memset                                0x080080db   Thumb Code    72  kservice.o(.text)
    rt_memcpy                                0x08008123   Thumb Code   124  kservice.o(.text)
    rt_memmove                               0x0800819f   Thumb Code    66  kservice.o(.text)
    rt_memcmp                                0x080081e1   Thumb Code    38  kservice.o(.text)
    rt_strlen                                0x08008207   Thumb Code    18  kservice.o(.text)
    rt_strstr                                0x08008219   Thumb Code    58  kservice.o(.text)
    rt_strcasecmp                            0x08008253   Thumb Code    48  kservice.o(.text)
    rt_strncpy                               0x08008283   Thumb Code    52  kservice.o(.text)
    rt_strncmp                               0x080082b7   Thumb Code    40  kservice.o(.text)
    rt_strcmp                                0x080082df   Thumb Code    28  kservice.o(.text)
    rt_strnlen                               0x080082fb   Thumb Code    24  kservice.o(.text)
    rt_strdup                                0x08008313   Thumb Code    40  kservice.o(.text)
    rt_hw_console_output                     0x0800833b   Thumb Code     2  kservice.o(.text)
    rt_vsnprintf                             0x080084f3   Thumb Code   800  kservice.o(.text)
    rt_kprintf                               0x08008813   Thumb Code    96  kservice.o(.text)
    rt_show_version                          0x08008873   Thumb Code    38  kservice.o(.text)
    rt_snprintf                              0x08008899   Thumb Code    38  kservice.o(.text)
    rt_vsprintf                              0x080088bf   Thumb Code    22  kservice.o(.text)
    rt_sprintf                               0x080088d5   Thumb Code    34  kservice.o(.text)
    rt_console_get_device                    0x080088f7   Thumb Code     6  kservice.o(.text)
    rt_console_set_device                    0x080088fd   Thumb Code    48  kservice.o(.text)
    rt_kputs                                 0x0800892d   Thumb Code    78  kservice.o(.text)
    rt_malloc_align                          0x0800897b   Thumb Code    66  kservice.o(.text)
    rt_free_align                            0x080089bd   Thumb Code    16  kservice.o(.text)
    __rt_ffs                                 0x080089cd   Thumb Code    70  kservice.o(.text)
    rt_assert_set_hook                       0x08008a13   Thumb Code     6  kservice.o(.text)
    rt_assert_handler                        0x08008a19   Thumb Code    56  kservice.o(.text)
    rt_malloc_sethook                        0x08008b29   Thumb Code     6  mem.o(.text)
    rt_free_sethook                          0x08008b2f   Thumb Code     6  mem.o(.text)
    rt_system_heap_init                      0x08008bd5   Thumb Code   204  mem.o(.text)
    rt_malloc                                0x08008ca1   Thumb Code   522  mem.o(.text)
    rt_free                                  0x08008eab   Thumb Code   688  mem.o(.text)
    rt_realloc                               0x0800915b   Thumb Code   324  mem.o(.text)
    rt_calloc                                0x0800929f   Thumb Code    84  mem.o(.text)
    rt_memory_info                           0x080092f3   Thumb Code    26  mem.o(.text)
    list_mem                                 0x0800930d   Thumb Code    34  mem.o(.text)
    rt_object_attach_sethook                 0x0800943d   Thumb Code     6  object.o(.text)
    rt_object_detach_sethook                 0x08009443   Thumb Code     6  object.o(.text)
    rt_object_trytake_sethook                0x08009449   Thumb Code     6  object.o(.text)
    rt_object_take_sethook                   0x0800944f   Thumb Code     6  object.o(.text)
    rt_object_put_sethook                    0x08009455   Thumb Code     6  object.o(.text)
    rt_system_object_init                    0x0800945b   Thumb Code     2  object.o(.text)
    rt_object_get_information                0x0800945d   Thumb Code    36  object.o(.text)
    rt_object_init                           0x08009481   Thumb Code    92  object.o(.text)
    rt_object_detach                         0x080094dd   Thumb Code    58  object.o(.text)
    rt_object_allocate                       0x08009517   Thumb Code   148  object.o(.text)
    rt_object_delete                         0x080095ab   Thumb Code    84  object.o(.text)
    rt_object_is_systemobject                0x080095ff   Thumb Code    34  object.o(.text)
    rt_object_find                           0x08009621   Thumb Code   142  object.o(.text)
    rt_scheduler_sethook                     0x08009765   Thumb Code     6  scheduler.o(.text)
    rt_system_scheduler_init                 0x080097c5   Thumb Code    56  scheduler.o(.text)
    rt_system_scheduler_start                0x080097fd   Thumb Code    36  scheduler.o(.text)
    rt_schedule                              0x08009821   Thumb Code   154  scheduler.o(.text)
    rt_schedule_insert_thread                0x080098bb   Thumb Code    90  scheduler.o(.text)
    rt_schedule_remove_thread                0x08009915   Thumb Code    94  scheduler.o(.text)
    rt_enter_critical                        0x08009973   Thumb Code    28  scheduler.o(.text)
    rt_exit_critical                         0x0800998f   Thumb Code    54  scheduler.o(.text)
    rt_critical_level                        0x080099c5   Thumb Code     8  scheduler.o(.text)
    rt_thread_suspend_sethook                0x08009a89   Thumb Code     6  thread.o(.text)
    rt_thread_resume_sethook                 0x08009a8f   Thumb Code     6  thread.o(.text)
    rt_thread_inited_sethook                 0x08009a95   Thumb Code     6  thread.o(.text)
    rt_thread_exit                           0x08009a9b   Thumb Code    76  thread.o(.text)
    rt_thread_timeout                        0x08009ae7   Thumb Code    70  thread.o(.text)
    rt_thread_init                           0x08009bcd   Thumb Code    74  thread.o(.text)
    rt_thread_self                           0x08009c17   Thumb Code     6  thread.o(.text)
    rt_thread_resume                         0x08009c1d   Thumb Code   100  thread.o(.text)
    rt_thread_startup                        0x08009c81   Thumb Code    88  thread.o(.text)
    rt_thread_detach                         0x08009cd9   Thumb Code    84  thread.o(.text)
    rt_thread_create                         0x08009d2d   Thumb Code    80  thread.o(.text)
    rt_thread_delete                         0x08009d7d   Thumb Code    74  thread.o(.text)
    rt_thread_yield                          0x08009dc7   Thumb Code    92  thread.o(.text)
    rt_thread_suspend                        0x08009e23   Thumb Code   362  thread.o(.text)
    rt_thread_sleep                          0x08009f8d   Thumb Code    78  thread.o(.text)
    rt_thread_delay                          0x08009fdb   Thumb Code    12  thread.o(.text)
    rt_thread_control                        0x08009fe7   Thumb Code   134  thread.o(.text)
    rt_thread_find                           0x0800a06d   Thumb Code    96  thread.o(.text)
    rt_timer_timeout_sethook                 0x0800a107   Thumb Code     6  timer.o(.text)
    rt_timer_init                            0x0800a199   Thumb Code    58  timer.o(.text)
    rt_timer_detach                          0x0800a1d3   Thumb Code    44  timer.o(.text)
    rt_timer_create                          0x0800a1ff   Thumb Code    54  timer.o(.text)
    rt_timer_delete                          0x0800a235   Thumb Code    46  timer.o(.text)
    rt_timer_start                           0x0800a263   Thumb Code   292  timer.o(.text)
    rt_timer_stop                            0x0800a387   Thumb Code    80  timer.o(.text)
    rt_timer_control                         0x0800a3d7   Thumb Code    76  timer.o(.text)
    rt_timer_check                           0x0800a423   Thumb Code   148  timer.o(.text)
    rt_timer_next_timeout_tick               0x0800a4b7   Thumb Code    10  timer.o(.text)
    rt_system_timer_init                     0x0800a4c1   Thumb Code    24  timer.o(.text)
    rt_system_timer_thread_init              0x0800a4d9   Thumb Code     2  timer.o(.text)
    rt_hw_stack_init                         0x0800a555   Thumb Code    74  cpuport.o(.text)
    rt_hw_exception_install                  0x0800a59f   Thumb Code     6  cpuport.o(.text)
    rt_hw_hard_fault_exception               0x0800a5a5   Thumb Code   112  cpuport.o(.text)
    rt_hw_cpu_shutdown                       0x0800a615   Thumb Code    20  cpuport.o(.text)
    rt_hw_interrupt_disable                  0x0800a6e5   Thumb Code     8  context_rvds.o(.text)
    rt_hw_interrupt_enable                   0x0800a6ed   Thumb Code     6  context_rvds.o(.text)
    rt_hw_context_switch                     0x0800a6f3   Thumb Code    32  context_rvds.o(.text)
    rt_hw_context_switch_interrupt           0x0800a6f3   Thumb Code     0  context_rvds.o(.text)
    PendSV_Handler                           0x0800a713   Thumb Code   108  context_rvds.o(.text)
    rt_hw_context_switch_to                  0x0800a77f   Thumb Code    70  context_rvds.o(.text)
    rt_hw_interrupt_thread_switch            0x0800a7c5   Thumb Code     2  context_rvds.o(.text)
    HardFault_Handler                        0x0800a7c7   Thumb Code    20  context_rvds.o(.text)
    rt_i2c_bus_device_register               0x0800a7f5   Thumb Code    42  i2c_core.o(.text)
    rt_i2c_bus_device_find                   0x0800a81f   Thumb Code    30  i2c_core.o(.text)
    rt_i2c_transfer                          0x0800a83d   Thumb Code    60  i2c_core.o(.text)
    rt_i2c_master_send                       0x0800a879   Thumb Code    66  i2c_core.o(.text)
    rt_i2c_master_recv                       0x0800a8bb   Thumb Code    90  i2c_core.o(.text)
    rt_i2c_core_init                         0x0800a915   Thumb Code     4  i2c_core.o(.text)
    rt_i2c_bus_device_device_init            0x0800aa45   Thumb Code    60  i2c_dev.o(.text)
    rt_device_pin_register                   0x0800ab71   Thumb Code    56  pin.o(.text)
    rt_pin_attach_irq                        0x0800aba9   Thumb Code    60  pin.o(.text)
    rt_pin_dettach_irq                       0x0800abe5   Thumb Code    46  pin.o(.text)
    rt_pin_irq_enable                        0x0800ac13   Thumb Code    50  pin.o(.text)
    rt_pin_mode                              0x0800ac45   Thumb Code    38  pin.o(.text)
    rt_pin_write                             0x0800ac6b   Thumb Code    38  pin.o(.text)
    rt_pin_read                              0x0800ac91   Thumb Code    34  pin.o(.text)
    rt_hw_serial_register                    0x0800b5c3   Thumb Code    82  serial.o(.text)
    rt_hw_serial_isr                         0x0800b615   Thumb Code   480  serial.o(.text)
    rt_spi_bus_register                      0x0800b995   Thumb Code    50  spi_core.o(.text)
    rt_spi_bus_attach_device                 0x0800b9c7   Thumb Code    74  spi_core.o(.text)
    rt_spi_configure                         0x0800ba11   Thumb Code    96  spi_core.o(.text)
    rt_spi_send_then_send                    0x0800ba71   Thumb Code   240  spi_core.o(.text)
    rt_spi_send_then_recv                    0x0800bb61   Thumb Code   240  spi_core.o(.text)
    rt_spi_transfer                          0x0800bc51   Thumb Code   198  spi_core.o(.text)
    rt_spi_transfer_message                  0x0800bd17   Thumb Code   164  spi_core.o(.text)
    rt_spi_take_bus                          0x0800bdbb   Thumb Code   204  spi_core.o(.text)
    rt_spi_release_bus                       0x0800be87   Thumb Code    72  spi_core.o(.text)
    rt_spi_take                              0x0800becf   Thumb Code    80  spi_core.o(.text)
    rt_spi_release                           0x0800bf1f   Thumb Code    80  spi_core.o(.text)
    rt_spi_bus_device_init                   0x0800c021   Thumb Code    56  spi_dev.o(.text)
    rt_spidev_device_init                    0x0800c0dd   Thumb Code    56  spi_dev.o(.text)
    sfud_log_debug                           0x0800c35f   Thumb Code    52  spi_flash_sfud.o(.text)
    sfud_log_info                            0x0800c393   Thumb Code    44  spi_flash_sfud.o(.text)
    sfud_spi_port_init                       0x0800c3bf   Thumb Code    28  spi_flash_sfud.o(.text)
    rt_sfud_flash_probe                      0x0800c3db   Thumb Code   384  spi_flash_sfud.o(.text)
    rt_sfud_flash_delete                     0x0800c55b   Thumb Code   378  spi_flash_sfud.o(.text)
    sfud_read_status                         0x0800cff3   Thumb Code    30  sfud.o(.text)
    sfud_write_status                        0x0800d0d1   Thumb Code   102  sfud.o(.text)
    sfud_device_init                         0x0800d3cb   Thumb Code    60  sfud.o(.text)
    sfud_init                                0x0800d407   Thumb Code   594  sfud.o(.text)
    sfud_get_device_num                      0x0800d659   Thumb Code     4  sfud.o(.text)
    sfud_get_device                          0x0800d65d   Thumb Code    32  sfud.o(.text)
    sfud_get_device_table                    0x0800d67d   Thumb Code     4  sfud.o(.text)
    sfud_read                                0x0800d6ad   Thumb Code   128  sfud.o(.text)
    sfud_chip_erase                          0x0800d72d   Thumb Code   150  sfud.o(.text)
    sfud_erase                               0x0800d7c3   Thumb Code   310  sfud.o(.text)
    sfud_write                               0x0800dbe9   Thumb Code    76  sfud.o(.text)
    sfud_erase_write                         0x0800dc35   Thumb Code    48  sfud.o(.text)
    sfud_read_sfdp                           0x0800dfb7   Thumb Code    44  sfud_sfdp.o(.text)
    sfud_sfdp_get_suitable_eraser            0x0800dfe3   Thumb Code    86  sfud_sfdp.o(.text)
    rt_completion_init                       0x0800e175   Thumb Code    42  completion.o(.text)
    rt_completion_wait                       0x0800e19f   Thumb Code   198  completion.o(.text)
    rt_completion_done                       0x0800e265   Thumb Code    76  completion.o(.text)
    rt_data_queue_init                       0x0800e34f   Thumb Code    76  dataqueue.o(.text)
    rt_data_queue_push                       0x0800e39b   Thumb Code   282  dataqueue.o(.text)
    rt_data_queue_pop                        0x0800e4b5   Thumb Code   342  dataqueue.o(.text)
    rt_data_queue_peak                       0x0800e60b   Thumb Code   104  dataqueue.o(.text)
    rt_data_queue_reset                      0x0800e673   Thumb Code   106  dataqueue.o(.text)
    finsh_get_prompt                         0x0800e769   Thumb Code    38  shell.o(.text)
    finsh_set_device                         0x0800e7ed   Thumb Code   156  shell.o(.text)
    finsh_get_device                         0x0800e889   Thumb Code    28  shell.o(.text)
    finsh_set_echo                           0x0800e8a5   Thumb Code    30  shell.o(.text)
    finsh_get_echo                           0x0800e8c3   Thumb Code    32  shell.o(.text)
    finsh_thread_entry                       0x0800ea05   Thumb Code  1358  shell.o(.text)
    finsh_system_function_init               0x0800ef53   Thumb Code    10  shell.o(.text)
    finsh_system_var_init                    0x0800ef5d   Thumb Code    10  shell.o(.text)
    finsh_system_init                        0x0800ef67   Thumb Code   214  shell.o(.text)
    hello                                    0x0800f051   Thumb Code    12  cmd.o(.text)
    version                                  0x0800f05d   Thumb Code    10  cmd.o(.text)
    list_thread                              0x0800f161   Thumb Code    18  cmd.o(.text)
    list_sem                                 0x0800f22b   Thumb Code    18  cmd.o(.text)
    list_event                               0x0800f2bb   Thumb Code    18  cmd.o(.text)
    list_mutex                               0x0800f329   Thumb Code    18  cmd.o(.text)
    list_mailbox                             0x0800f3df   Thumb Code    18  cmd.o(.text)
    list_msgqueue                            0x0800f757   Thumb Code    18  cmd.o(.text)
    list_memheap                             0x0800f7b5   Thumb Code    18  cmd.o(.text)
    list_mempool                             0x0800f84d   Thumb Code    18  cmd.o(.text)
    list_timer                               0x0800f8cf   Thumb Code    18  cmd.o(.text)
    list_device                              0x0800f95d   Thumb Code    18  cmd.o(.text)
    list                                     0x0800f96f   Thumb Code    54  cmd.o(.text)
    msh_is_used                              0x0800fc41   Thumb Code     4  msh.o(.text)
    msh_help                                 0x0800fc45   Thumb Code    66  msh.o(.text)
    msh_exec                                 0x0800fe25   Thumb Code    82  msh.o(.text)
    msh_auto_complete                        0x0800fe97   Thumb Code   138  msh.o(.text)
    cmd_ps                                   0x0800ffa9   Thumb Code    14  msh_cmd.o(.text)
    cmd_time                                 0x0800ffb7   Thumb Code     6  msh_cmd.o(.text)
    cmd_free                                 0x0800ffbd   Thumb Code    14  msh_cmd.o(.text)
    __aeabi_uldivmod                         0x0800ffcb   Thumb Code     0  lludivv7m.o(.text)
    _ll_udiv                                 0x0800ffcb   Thumb Code   238  lludivv7m.o(.text)
    vsnprintf                                0x080100b9   Thumb Code    48  vsnprintf.o(.text)
    atoi                                     0x080100ed   Thumb Code    26  atoi.o(.text)
    atol                                     0x08010107   Thumb Code    26  atol.o(.text)
    memcmp                                   0x08010121   Thumb Code    88  memcmp.o(.text)
    strcpy                                   0x08010179   Thumb Code    72  strcpy.o(.text)
    strlen                                   0x080101c1   Thumb Code    62  strlen.o(.text)
    strncmp                                  0x080101ff   Thumb Code   150  strncmp.o(.text)
    strcat                                   0x08010295   Thumb Code    24  strcat.o(.text)
    __aeabi_memcpy                           0x080102ad   Thumb Code     0  rt_memcpy_v6.o(.text)
    __rt_memcpy                              0x080102ad   Thumb Code   138  rt_memcpy_v6.o(.text)
    _memcpy_lastbytes                        0x08010313   Thumb Code     0  rt_memcpy_v6.o(.text)
    __aeabi_memcpy4                          0x08010337   Thumb Code     0  rt_memcpy_w.o(.text)
    __aeabi_memcpy8                          0x08010337   Thumb Code     0  rt_memcpy_w.o(.text)
    __rt_memcpy_w                            0x08010337   Thumb Code   100  rt_memcpy_w.o(.text)
    _memcpy_lastbytes_aligned                0x0801037f   Thumb Code     0  rt_memcpy_w.o(.text)
    __aeabi_memclr                           0x0801039b   Thumb Code     0  rt_memclr.o(.text)
    __rt_memclr                              0x0801039b   Thumb Code    68  rt_memclr.o(.text)
    _memset                                  0x0801039f   Thumb Code     0  rt_memclr.o(.text)
    __aeabi_memclr4                          0x080103df   Thumb Code     0  rt_memclr_w.o(.text)
    __aeabi_memclr8                          0x080103df   Thumb Code     0  rt_memclr_w.o(.text)
    __rt_memclr_w                            0x080103df   Thumb Code    78  rt_memclr_w.o(.text)
    _memset_w                                0x080103e3   Thumb Code     0  rt_memclr_w.o(.text)
    strcmp                                   0x0801042d   Thumb Code   128  strcmpv7m.o(.text)
    __use_two_region_memory                  0x080104ad   Thumb Code     2  heapauxi.o(.text)
    __rt_heap_escrow$2region                 0x080104af   Thumb Code     2  heapauxi.o(.text)
    __rt_heap_expand$2region                 0x080104b1   Thumb Code     2  heapauxi.o(.text)
    __aeabi_errno_addr                       0x080104b5   Thumb Code     8  rt_errno_addr_intlibspace.o(.text)
    __errno$intlibspace                      0x080104b5   Thumb Code     0  rt_errno_addr_intlibspace.o(.text)
    __rt_errno_addr$intlibspace              0x080104b5   Thumb Code     0  rt_errno_addr_intlibspace.o(.text)
    _printf_pre_padding                      0x080104bd   Thumb Code    44  _printf_pad.o(.text)
    _printf_post_padding                     0x080104e9   Thumb Code    34  _printf_pad.o(.text)
    _printf_truncate_signed                  0x0801050b   Thumb Code    18  _printf_truncate.o(.text)
    _printf_truncate_unsigned                0x0801051d   Thumb Code    18  _printf_truncate.o(.text)
    _printf_str                              0x0801052f   Thumb Code    82  _printf_str.o(.text)
    _printf_int_dec                          0x08010581   Thumb Code   104  _printf_dec.o(.text)
    _printf_charcount                        0x080105f9   Thumb Code    40  _printf_charcount.o(.text)
    _printf_char_common                      0x0801062b   Thumb Code    32  _printf_char_common.o(.text)
    _sputc                                   0x08010651   Thumb Code    10  _sputc.o(.text)
    _snputc                                  0x0801065b   Thumb Code    16  _snputc.o(.text)
    _printf_wctomb                           0x0801066d   Thumb Code   182  _printf_wctomb.o(.text)
    _printf_longlong_dec                     0x08010729   Thumb Code   108  _printf_longlong_dec.o(.text)
    _printf_longlong_oct                     0x080107a5   Thumb Code    66  _printf_oct_int_ll.o(.text)
    _printf_int_oct                          0x080107e7   Thumb Code    24  _printf_oct_int_ll.o(.text)
    _printf_ll_oct                           0x080107ff   Thumb Code    12  _printf_oct_int_ll.o(.text)
    _printf_longlong_hex                     0x08010815   Thumb Code    86  _printf_hex_int_ll_ptr.o(.text)
    _printf_int_hex                          0x0801086b   Thumb Code    28  _printf_hex_int_ll_ptr.o(.text)
    _printf_ll_hex                           0x08010887   Thumb Code    12  _printf_hex_int_ll_ptr.o(.text)
    _printf_hex_ptr                          0x08010893   Thumb Code    18  _printf_hex_int_ll_ptr.o(.text)
    __printf                                 0x080108a9   Thumb Code   388  __printf_flags_ss_wp.o(.text)
    strtol                                   0x08010a31   Thumb Code   112  strtol.o(.text)
    __user_libspace                          0x08010aa1   Thumb Code     8  libspace.o(.text)
    __user_perproc_libspace                  0x08010aa1   Thumb Code     0  libspace.o(.text)
    __user_perthread_libspace                0x08010aa1   Thumb Code     0  libspace.o(.text)
    __rt_ctype_table                         0x08010aa9   Thumb Code    16  rt_ctype_table.o(.text)
    _ll_udiv10                               0x08010ab9   Thumb Code   138  lludiv10.o(.text)
    _printf_int_common                       0x08010b43   Thumb Code   178  _printf_intcommon.o(.text)
    __lib_sel_fp_printf                      0x08010bf5   Thumb Code     2  _printf_fp_dec.o(.text)
    _printf_fp_dec_real                      0x08010da3   Thumb Code   620  _printf_fp_dec.o(.text)
    _printf_fp_hex_real                      0x08011011   Thumb Code   756  _printf_fp_hex.o(.text)
    _printf_cs_common                        0x0801130d   Thumb Code    20  _printf_char.o(.text)
    _printf_char                             0x08011321   Thumb Code    16  _printf_char.o(.text)
    _printf_string                           0x08011331   Thumb Code     8  _printf_char.o(.text)
    _printf_lcs_common                       0x08011339   Thumb Code    20  _printf_wchar.o(.text)
    _printf_wchar                            0x0801134d   Thumb Code    16  _printf_wchar.o(.text)
    _printf_wstring                          0x0801135d   Thumb Code     8  _printf_wchar.o(.text)
    _strtoul                                 0x08011365   Thumb Code   158  _strtoul.o(.text)
    _wcrtomb                                 0x08011403   Thumb Code    64  _wcrtomb.o(.text)
    __user_setup_stackheap                   0x08011443   Thumb Code    74  sys_stackheap_outer.o(.text)
    __rt_locale                              0x0801148d   Thumb Code     8  rt_locale_intlibspace.o(.text)
    _printf_fp_infnan                        0x08011495   Thumb Code   112  _printf_fp_infnan.o(.text)
    _chval                                   0x08011515   Thumb Code    28  _chval.o(.text)
    _btod_etento                             0x08011531   Thumb Code   216  bigflt0.o(.text)
    exit                                     0x0801160d   Thumb Code    18  exit.o(.text)
    _sys_exit                                0x08011621   Thumb Code     8  sys_exit.o(.text)
    __I$use$semihosting                      0x0801162d   Thumb Code     0  use_no_semi.o(.text)
    __use_no_semihosting_swi                 0x0801162d   Thumb Code     2  use_no_semi.o(.text)
    __semihosting_library_function           0x0801162f   Thumb Code     0  indicate_semi.o(.text)
    _btod_d2e                                0x0801162f   Thumb Code    62  btod.o(CL$$btod_d2e)
    _d2e_denorm_low                          0x0801166d   Thumb Code    70  btod.o(CL$$btod_d2e_denorm_low)
    _d2e_norm_op1                            0x080116b3   Thumb Code    96  btod.o(CL$$btod_d2e_norm_op1)
    __btod_div_common                        0x08011713   Thumb Code   696  btod.o(CL$$btod_div_common)
    _e2e                                     0x08011a4b   Thumb Code   198  btod.o(CL$$btod_e2e)
    _btod_ediv                               0x08011b11   Thumb Code    40  btod.o(CL$$btod_ediv)
    _btod_emul                               0x08011b39   Thumb Code    40  btod.o(CL$$btod_emul)
    __btod_mult_common                       0x08011b61   Thumb Code   580  btod.o(CL$$btod_mult_common)
    __ARM_fpclassify                         0x08011da5   Thumb Code    48  fpclassify.o(i.__ARM_fpclassify)
    _is_digit                                0x08011dd5   Thumb Code    14  __printf_wp.o(i._is_digit)
    _get_lc_ctype                            0x08011de5   Thumb Code    44  lc_ctype_c.o(locale$$code)
    _get_lc_numeric                          0x08011e11   Thumb Code    44  lc_numeric_c.o(locale$$code)
    _fp_init                                 0x08011e3d   Thumb Code    10  fpinit.o(x$fpl$fpinit)
    __fplib_config_fpu_vfp                   0x08011e45   Thumb Code     0  fpinit.o(x$fpl$fpinit)
    __fplib_config_pureend_doubles           0x08011e45   Thumb Code     0  fpinit.o(x$fpl$fpinit)
    _printf_fp_dec                           0x08011e47   Thumb Code     4  printf1.o(x$fpl$printf1)
    _printf_fp_hex                           0x08011e4b   Thumb Code     4  printf2.o(x$fpl$printf2)
    __I$use$fp                               0x08011e4e   Number         0  usenofp.o(x$fpl$usenofp)
    stm_spi_ops                              0x08012c00   Data           8  drv_spi.o(.constdata)
    TX_ADDRESS                               0x08012c2c   Data           5  drv_nrf24.o(.constdata)
    RX_ADDRESS                               0x08012c31   Data           5  drv_nrf24.o(.constdata)
    AHBPrescTable                            0x08012c48   Data          16  system_stm32f4xx.o(.constdata)
    APBPrescTable                            0x08012c58   Data           8  system_stm32f4xx.o(.constdata)
    __lowest_bit_bitmap                      0x08012f20   Data         256  kservice.o(.constdata)
    __fsym_list_mem_name                     0x08014195   Data           9  mem.o(.rodata.name)
    __fsym_list_mem_desc                     0x0801419e   Data          30  mem.o(.rodata.name)
    __fsym_pinMode_name                      0x080141bc   Data           8  pin.o(.rodata.name)
    __fsym_pinMode_desc                      0x080141c4   Data          22  pin.o(.rodata.name)
    __fsym_pinWrite_name                     0x080141da   Data           9  pin.o(.rodata.name)
    __fsym_pinWrite_desc                     0x080141e3   Data          28  pin.o(.rodata.name)
    __fsym_pinRead_name                      0x080141ff   Data           8  pin.o(.rodata.name)
    __fsym_pinRead_desc                      0x08014207   Data          30  pin.o(.rodata.name)
    __fsym___cmd_sf_name                     0x08014225   Data           9  spi_flash_sfud.o(.rodata.name)
    __fsym___cmd_sf_desc                     0x0801422e   Data          19  spi_flash_sfud.o(.rodata.name)
    __fsym_hello_name                        0x08014241   Data           6  cmd.o(.rodata.name)
    __fsym_hello_desc                        0x08014247   Data          16  cmd.o(.rodata.name)
    __fsym_version_name                      0x08014257   Data           8  cmd.o(.rodata.name)
    __fsym_version_desc                      0x0801425f   Data          35  cmd.o(.rodata.name)
    __fsym___cmd_version_name                0x08014282   Data          14  cmd.o(.rodata.name)
    __fsym___cmd_version_desc                0x08014290   Data          35  cmd.o(.rodata.name)
    __fsym_list_thread_name                  0x080142b3   Data          12  cmd.o(.rodata.name)
    __fsym_list_thread_desc                  0x080142bf   Data          12  cmd.o(.rodata.name)
    __fsym___cmd_list_thread_name            0x080142cb   Data          18  cmd.o(.rodata.name)
    __fsym___cmd_list_thread_desc            0x080142dd   Data          12  cmd.o(.rodata.name)
    __fsym_list_sem_name                     0x080142e9   Data           9  cmd.o(.rodata.name)
    __fsym_list_sem_desc                     0x080142f2   Data          25  cmd.o(.rodata.name)
    __fsym___cmd_list_sem_name               0x0801430b   Data          15  cmd.o(.rodata.name)
    __fsym___cmd_list_sem_desc               0x0801431a   Data          25  cmd.o(.rodata.name)
    __fsym_list_event_name                   0x08014333   Data          11  cmd.o(.rodata.name)
    __fsym_list_event_desc                   0x0801433e   Data          21  cmd.o(.rodata.name)
    __fsym___cmd_list_event_name             0x08014353   Data          17  cmd.o(.rodata.name)
    __fsym___cmd_list_event_desc             0x08014364   Data          21  cmd.o(.rodata.name)
    __fsym_list_mutex_name                   0x08014379   Data          11  cmd.o(.rodata.name)
    __fsym_list_mutex_desc                   0x08014384   Data          21  cmd.o(.rodata.name)
    __fsym___cmd_list_mutex_name             0x08014399   Data          17  cmd.o(.rodata.name)
    __fsym___cmd_list_mutex_desc             0x080143aa   Data          21  cmd.o(.rodata.name)
    __fsym_list_mailbox_name                 0x080143bf   Data          13  cmd.o(.rodata.name)
    __fsym_list_mailbox_desc                 0x080143cc   Data          24  cmd.o(.rodata.name)
    __fsym___cmd_list_mailbox_name           0x080143e4   Data          19  cmd.o(.rodata.name)
    __fsym___cmd_list_mailbox_desc           0x080143f7   Data          24  cmd.o(.rodata.name)
    __fsym_list_msgqueue_name                0x0801440f   Data          14  cmd.o(.rodata.name)
    __fsym_list_msgqueue_desc                0x0801441d   Data          29  cmd.o(.rodata.name)
    __fsym___cmd_list_msgqueue_name          0x0801443a   Data          20  cmd.o(.rodata.name)
    __fsym___cmd_list_msgqueue_desc          0x0801444e   Data          29  cmd.o(.rodata.name)
    __fsym_list_memheap_name                 0x0801446b   Data          13  cmd.o(.rodata.name)
    __fsym_list_memheap_desc                 0x08014478   Data          27  cmd.o(.rodata.name)
    __fsym___cmd_list_memheap_name           0x08014493   Data          19  cmd.o(.rodata.name)
    __fsym___cmd_list_memheap_desc           0x080144a6   Data          27  cmd.o(.rodata.name)
    __fsym_list_mempool_name                 0x080144c1   Data          13  cmd.o(.rodata.name)
    __fsym_list_mempool_desc                 0x080144ce   Data          27  cmd.o(.rodata.name)
    __fsym___cmd_list_mempool_name           0x080144e9   Data          19  cmd.o(.rodata.name)
    __fsym___cmd_list_mempool_desc           0x080144fc   Data          27  cmd.o(.rodata.name)
    __fsym_list_timer_name                   0x08014517   Data          11  cmd.o(.rodata.name)
    __fsym_list_timer_desc                   0x08014522   Data          21  cmd.o(.rodata.name)
    __fsym___cmd_list_timer_name             0x08014537   Data          17  cmd.o(.rodata.name)
    __fsym___cmd_list_timer_desc             0x08014548   Data          21  cmd.o(.rodata.name)
    __fsym_list_device_name                  0x0801455d   Data          12  cmd.o(.rodata.name)
    __fsym_list_device_desc                  0x08014569   Data          22  cmd.o(.rodata.name)
    __fsym___cmd_list_device_name            0x0801457f   Data          18  cmd.o(.rodata.name)
    __fsym___cmd_list_device_desc            0x08014591   Data          22  cmd.o(.rodata.name)
    __fsym_list_name                         0x080145a7   Data           5  cmd.o(.rodata.name)
    __fsym_list_desc                         0x080145ac   Data          26  cmd.o(.rodata.name)
    __fsym___cmd_help_name                   0x080145c6   Data          11  msh.o(.rodata.name)
    __fsym___cmd_help_desc                   0x080145d1   Data          22  msh.o(.rodata.name)
    __fsym___cmd_ps_name                     0x080145e7   Data           9  msh_cmd.o(.rodata.name)
    __fsym___cmd_ps_desc                     0x080145f0   Data          28  msh_cmd.o(.rodata.name)
    __fsym___cmd_time_name                   0x0801460c   Data          11  msh_cmd.o(.rodata.name)
    __fsym___cmd_time_desc                   0x08014617   Data          27  msh_cmd.o(.rodata.name)
    __fsym___cmd_free_name                   0x08014632   Data          11  msh_cmd.o(.rodata.name)
    __fsym___cmd_free_desc                   0x0801463d   Data          37  msh_cmd.o(.rodata.name)
    __rt_init_rti_start                      0x08014664   Data           4  components.o(.rti_fn.0)
    __rt_init_rti_board_start                0x08014668   Data           4  components.o(.rti_fn.0.end)
    __rt_init_rt_hw_pin_init                 0x0801466c   Data           4  drv_gpio.o(.rti_fn.1)
    __rt_init_hw_usart_init                  0x08014670   Data           4  drv_usart.o(.rti_fn.1)
    __rt_init_stm32_hw_spi_init              0x08014674   Data           4  drv_spi.o(.rti_fn.1)
    __rt_init_rti_board_end                  0x08014678   Data           4  components.o(.rti_fn.1.end)
    __rt_init_rt_i2c_core_init               0x0801467c   Data           4  i2c_core.o(.rti_fn.4)
    __rt_init_rt_led_init                    0x08014680   Data           4  bsp_led.o(.rti_fn.6)
    __rt_init_finsh_system_init              0x08014684   Data           4  shell.o(.rti_fn.6)
    __rt_init_rti_end                        0x08014688   Data           4  components.o(.rti_fn.6.end)
    FSymTab$$Base                            0x0801468c   Number         0  mem.o(FSymTab)
    __fsym_list_mem                          0x0801468c   Data          12  mem.o(FSymTab)
    __fsym_pinMode                           0x08014698   Data          12  pin.o(FSymTab)
    __fsym_pinWrite                          0x080146a4   Data          12  pin.o(FSymTab)
    __fsym_pinRead                           0x080146b0   Data          12  pin.o(FSymTab)
    __fsym___cmd_sf                          0x080146bc   Data          12  spi_flash_sfud.o(FSymTab)
    __fsym_hello                             0x080146c8   Data          12  cmd.o(FSymTab)
    __fsym_version                           0x080146d4   Data          12  cmd.o(FSymTab)
    __fsym___cmd_version                     0x080146e0   Data          12  cmd.o(FSymTab)
    __fsym_list_thread                       0x080146ec   Data          12  cmd.o(FSymTab)
    __fsym___cmd_list_thread                 0x080146f8   Data          12  cmd.o(FSymTab)
    __fsym_list_sem                          0x08014704   Data          12  cmd.o(FSymTab)
    __fsym___cmd_list_sem                    0x08014710   Data          12  cmd.o(FSymTab)
    __fsym_list_event                        0x0801471c   Data          12  cmd.o(FSymTab)
    __fsym___cmd_list_event                  0x08014728   Data          12  cmd.o(FSymTab)
    __fsym_list_mutex                        0x08014734   Data          12  cmd.o(FSymTab)
    __fsym___cmd_list_mutex                  0x08014740   Data          12  cmd.o(FSymTab)
    __fsym_list_mailbox                      0x0801474c   Data          12  cmd.o(FSymTab)
    __fsym___cmd_list_mailbox                0x08014758   Data          12  cmd.o(FSymTab)
    __fsym_list_msgqueue                     0x08014764   Data          12  cmd.o(FSymTab)
    __fsym___cmd_list_msgqueue               0x08014770   Data          12  cmd.o(FSymTab)
    __fsym_list_memheap                      0x0801477c   Data          12  cmd.o(FSymTab)
    __fsym___cmd_list_memheap                0x08014788   Data          12  cmd.o(FSymTab)
    __fsym_list_mempool                      0x08014794   Data          12  cmd.o(FSymTab)
    __fsym___cmd_list_mempool                0x080147a0   Data          12  cmd.o(FSymTab)
    __fsym_list_timer                        0x080147ac   Data          12  cmd.o(FSymTab)
    __fsym___cmd_list_timer                  0x080147b8   Data          12  cmd.o(FSymTab)
    __fsym_list_device                       0x080147c4   Data          12  cmd.o(FSymTab)
    __fsym___cmd_list_device                 0x080147d0   Data          12  cmd.o(FSymTab)
    __fsym_list                              0x080147dc   Data          12  cmd.o(FSymTab)
    __fsym___cmd_help                        0x080147e8   Data          12  msh.o(FSymTab)
    __fsym___cmd_ps                          0x080147f4   Data          12  msh_cmd.o(FSymTab)
    __fsym___cmd_time                        0x08014800   Data          12  msh_cmd.o(FSymTab)
    __fsym___cmd_free                        0x0801480c   Data          12  msh_cmd.o(FSymTab)
    FSymTab$$Limit                           0x08014818   Number         0  msh_cmd.o(FSymTab)
    Region$$Table$$Base                      0x08014818   Number         0  anon$$obj.o(Region$$Table)
    Region$$Table$$Limit                     0x08014838   Number         0  anon$$obj.o(Region$$Table)
    __ctype                                  0x08014845   Data           0  lc_ctype_c.o(locale$$data)
    led_state                                0x20000004   Data           1  bsp_led.o(.data)
    tmp_buf                                  0x20000005   Data          20  main.o(.data)
    pin_irq_hdr_tab                          0x2000001c   Data         192  drv_gpio.o(.data)
    _spi1                                    0x200000dc   Data           8  drv_spi.o(.data)
    _spi2                                    0x200000e4   Data           8  drv_spi.o(.data)
    _spi3                                    0x200000ec   Data           8  drv_spi.o(.data)
    spi_cs                                   0x200000f4   Data           4  drv_nrf24.o(.data)
    SystemCoreClock                          0x200000f8   Data           4  system_stm32f4xx.o(.data)
    uwTick                                   0x200000fc   Data           4  stm32f4xx_hal.o(.data)
    rt_interrupt_nest                        0x20000110   Data           1  irq.o(.data)
    rt_assert_hook                           0x2000011c   Data           4  kservice.o(.data)
    rt_object_trytake_hook                   0x200001e8   Data           4  object.o(.data)
    rt_object_take_hook                      0x200001ec   Data           4  object.o(.data)
    rt_object_put_hook                       0x200001f0   Data           4  object.o(.data)
    rt_current_thread                        0x200001f8   Data           4  scheduler.o(.data)
    rt_current_priority                      0x200001fc   Data           1  scheduler.o(.data)
    rt_thread_ready_priority_group           0x20000200   Data           4  scheduler.o(.data)
    rt_thread_defunct                        0x20000204   Data           8  scheduler.o(.data)
    rt_interrupt_from_thread                 0x2000022c   Data           4  cpuport.o(.data)
    rt_interrupt_to_thread                   0x20000230   Data           4  cpuport.o(.data)
    rt_thread_switch_interrupt_flag          0x20000234   Data           4  cpuport.o(.data)
    shell                                    0x20000248   Data           4  shell.o(.data)
    _syscall_table_begin                     0x2000024c   Data           4  symbol.o(.data)
    _syscall_table_end                       0x20000250   Data           4  symbol.o(.data)
    _sysvar_table_begin                      0x20000254   Data           4  symbol.o(.data)
    _sysvar_table_end                        0x20000258   Data           4  symbol.o(.data)
    serial1                                  0x200002cc   Data          84  drv_usart.o(.bss)
    serial2                                  0x20000364   Data          84  drv_usart.o(.bss)
    serial6                                  0x200003fc   Data          84  drv_usart.o(.bss)
    _spi_bus1                                0x20000450   Data         108  drv_spi.o(.bss)
    _spi_bus2                                0x200004bc   Data         108  drv_spi.o(.bss)
    _spi_bus3                                0x20000528   Data         108  drv_spi.o(.bss)
    rt_thread_priority_table                 0x20000900   Data         256  scheduler.o(.bss)
    __libspace_start                         0x20001c3c   Data          96  libspace.o(.bss)
    __temporary_stack_top$libspace           0x20001c9c   Data           0  libspace.o(.bss)
    Image$$RW_IRAM1$$ZI$$Limit               0x200022a0   Number         0  anon$$obj.o ABSOLUTE



==============================================================================

Memory Map of the image

  Image Entry point : 0x080001ad

  Load Region LR_IROM1 (Base: 0x08000000, Size: 0x00014bc0, Max: 0x00100000, ABSOLUTE, COMPRESSED[0x000149d4])

    Execution Region ER_IROM1 (Base: 0x08000000, Size: 0x00014964, Max: 0x00100000, ABSOLUTE)

    Base Addr    Size         Type   Attr      Idx    E Section Name        Object

    0x08000000   0x000001ac   Data   RO          474    RESET               startup_stm32f429xx.o
    0x080001ac   0x00000008   Code   RO         2670  * !!!main             c_w.l(__main.o)
    0x080001b4   0x00000034   Code   RO         3014    !!!scatter          c_w.l(__scatter.o)
    0x080001e8   0x0000005a   Code   RO         3012    !!dczerorl2         c_w.l(__dczerorl2.o)
    0x08000242   0x00000002   PAD
    0x08000244   0x0000001c   Code   RO         3016    !!handler_zi        c_w.l(__scatter_zi.o)
    0x08000260   0x00000000   Code   RO         2765    .ARM.Collect$$_printf_percent$$00000000  c_w.l(_printf_percent.o)
    0x08000260   0x00000006   Code   RO         2754    .ARM.Collect$$_printf_percent$$00000001  c_w.l(_printf_n.o)
    0x08000266   0x00000006   Code   RO         2756    .ARM.Collect$$_printf_percent$$00000002  c_w.l(_printf_p.o)
    0x0800026c   0x00000006   Code   RO         2761    .ARM.Collect$$_printf_percent$$00000003  c_w.l(_printf_f.o)
    0x08000272   0x00000006   Code   RO         2762    .ARM.Collect$$_printf_percent$$00000004  c_w.l(_printf_e.o)
    0x08000278   0x00000006   Code   RO         2763    .ARM.Collect$$_printf_percent$$00000005  c_w.l(_printf_g.o)
    0x0800027e   0x00000006   Code   RO         2764    .ARM.Collect$$_printf_percent$$00000006  c_w.l(_printf_a.o)
    0x08000284   0x0000000a   Code   RO         2769    .ARM.Collect$$_printf_percent$$00000007  c_w.l(_printf_ll.o)
    0x0800028e   0x00000006   Code   RO         2758    .ARM.Collect$$_printf_percent$$00000008  c_w.l(_printf_i.o)
    0x08000294   0x00000006   Code   RO         2759    .ARM.Collect$$_printf_percent$$00000009  c_w.l(_printf_d.o)
    0x0800029a   0x00000006   Code   RO         2760    .ARM.Collect$$_printf_percent$$0000000A  c_w.l(_printf_u.o)
    0x080002a0   0x00000006   Code   RO         2757    .ARM.Collect$$_printf_percent$$0000000B  c_w.l(_printf_o.o)
    0x080002a6   0x00000006   Code   RO         2755    .ARM.Collect$$_printf_percent$$0000000C  c_w.l(_printf_x.o)
    0x080002ac   0x00000006   Code   RO         2766    .ARM.Collect$$_printf_percent$$0000000D  c_w.l(_printf_lli.o)
    0x080002b2   0x00000006   Code   RO         2767    .ARM.Collect$$_printf_percent$$0000000E  c_w.l(_printf_lld.o)
    0x080002b8   0x00000006   Code   RO         2768    .ARM.Collect$$_printf_percent$$0000000F  c_w.l(_printf_llu.o)
    0x080002be   0x00000006   Code   RO         2773    .ARM.Collect$$_printf_percent$$00000010  c_w.l(_printf_llo.o)
    0x080002c4   0x00000006   Code   RO         2774    .ARM.Collect$$_printf_percent$$00000011  c_w.l(_printf_llx.o)
    0x080002ca   0x0000000a   Code   RO         2770    .ARM.Collect$$_printf_percent$$00000012  c_w.l(_printf_l.o)
    0x080002d4   0x00000006   Code   RO         2752    .ARM.Collect$$_printf_percent$$00000013  c_w.l(_printf_c.o)
    0x080002da   0x00000006   Code   RO         2753    .ARM.Collect$$_printf_percent$$00000014  c_w.l(_printf_s.o)
    0x080002e0   0x00000006   Code   RO         2771    .ARM.Collect$$_printf_percent$$00000015  c_w.l(_printf_lc.o)
    0x080002e6   0x00000006   Code   RO         2772    .ARM.Collect$$_printf_percent$$00000016  c_w.l(_printf_ls.o)
    0x080002ec   0x00000004   Code   RO         2822    .ARM.Collect$$_printf_percent$$00000017  c_w.l(_printf_percent_end.o)
    0x080002f0   0x00000002   Code   RO         2880    .ARM.Collect$$libinit$$00000000  c_w.l(libinit.o)
    0x080002f2   0x00000004   Code   RO         2894    .ARM.Collect$$libinit$$00000001  c_w.l(libinit2.o)
    0x080002f6   0x00000000   Code   RO         2897    .ARM.Collect$$libinit$$00000004  c_w.l(libinit2.o)
    0x080002f6   0x00000000   Code   RO         2900    .ARM.Collect$$libinit$$0000000A  c_w.l(libinit2.o)
    0x080002f6   0x00000000   Code   RO         2902    .ARM.Collect$$libinit$$0000000C  c_w.l(libinit2.o)
    0x080002f6   0x00000000   Code   RO         2904    .ARM.Collect$$libinit$$0000000E  c_w.l(libinit2.o)
    0x080002f6   0x00000006   Code   RO         2905    .ARM.Collect$$libinit$$0000000F  c_w.l(libinit2.o)
    0x080002fc   0x00000000   Code   RO         2907    .ARM.Collect$$libinit$$00000011  c_w.l(libinit2.o)
    0x080002fc   0x0000000c   Code   RO         2908    .ARM.Collect$$libinit$$00000012  c_w.l(libinit2.o)
    0x08000308   0x00000000   Code   RO         2909    .ARM.Collect$$libinit$$00000013  c_w.l(libinit2.o)
    0x08000308   0x00000000   Code   RO         2911    .ARM.Collect$$libinit$$00000015  c_w.l(libinit2.o)
    0x08000308   0x0000000a   Code   RO         2912    .ARM.Collect$$libinit$$00000016  c_w.l(libinit2.o)
    0x08000312   0x00000000   Code   RO         2913    .ARM.Collect$$libinit$$00000017  c_w.l(libinit2.o)
    0x08000312   0x00000000   Code   RO         2915    .ARM.Collect$$libinit$$00000019  c_w.l(libinit2.o)
    0x08000312   0x00000000   Code   RO         2917    .ARM.Collect$$libinit$$0000001B  c_w.l(libinit2.o)
    0x08000312   0x00000000   Code   RO         2919    .ARM.Collect$$libinit$$0000001D  c_w.l(libinit2.o)
    0x08000312   0x00000000   Code   RO         2921    .ARM.Collect$$libinit$$0000001F  c_w.l(libinit2.o)
    0x08000312   0x00000000   Code   RO         2923    .ARM.Collect$$libinit$$00000021  c_w.l(libinit2.o)
    0x08000312   0x00000000   Code   RO         2925    .ARM.Collect$$libinit$$00000023  c_w.l(libinit2.o)
    0x08000312   0x00000000   Code   RO         2927    .ARM.Collect$$libinit$$00000025  c_w.l(libinit2.o)
    0x08000312   0x00000000   Code   RO         2931    .ARM.Collect$$libinit$$0000002C  c_w.l(libinit2.o)
    0x08000312   0x00000000   Code   RO         2933    .ARM.Collect$$libinit$$0000002E  c_w.l(libinit2.o)
    0x08000312   0x00000000   Code   RO         2935    .ARM.Collect$$libinit$$00000030  c_w.l(libinit2.o)
    0x08000312   0x00000000   Code   RO         2937    .ARM.Collect$$libinit$$00000032  c_w.l(libinit2.o)
    0x08000312   0x00000002   Code   RO         2938    .ARM.Collect$$libinit$$00000033  c_w.l(libinit2.o)
    0x08000314   0x00000002   Code   RO         2969    .ARM.Collect$$libshutdown$$00000000  c_w.l(libshutdown.o)
    0x08000316   0x00000000   Code   RO         2995    .ARM.Collect$$libshutdown$$00000002  c_w.l(libshutdown2.o)
    0x08000316   0x00000000   Code   RO         2997    .ARM.Collect$$libshutdown$$00000004  c_w.l(libshutdown2.o)
    0x08000316   0x00000000   Code   RO         3000    .ARM.Collect$$libshutdown$$00000007  c_w.l(libshutdown2.o)
    0x08000316   0x00000000   Code   RO         3003    .ARM.Collect$$libshutdown$$0000000A  c_w.l(libshutdown2.o)
    0x08000316   0x00000000   Code   RO         3005    .ARM.Collect$$libshutdown$$0000000C  c_w.l(libshutdown2.o)
    0x08000316   0x00000000   Code   RO         3008    .ARM.Collect$$libshutdown$$0000000F  c_w.l(libshutdown2.o)
    0x08000316   0x00000002   Code   RO         3009    .ARM.Collect$$libshutdown$$00000010  c_w.l(libshutdown2.o)
    0x08000318   0x00000000   Code   RO         2672    .ARM.Collect$$rtentry$$00000000  c_w.l(__rtentry.o)
    0x08000318   0x00000000   Code   RO         2789    .ARM.Collect$$rtentry$$00000002  c_w.l(__rtentry2.o)
    0x08000318   0x00000006   Code   RO         2801    .ARM.Collect$$rtentry$$00000004  c_w.l(__rtentry4.o)
    0x0800031e   0x00000000   Code   RO         2791    .ARM.Collect$$rtentry$$00000009  c_w.l(__rtentry2.o)
    0x0800031e   0x00000004   Code   RO         2792    .ARM.Collect$$rtentry$$0000000A  c_w.l(__rtentry2.o)
    0x08000322   0x00000000   Code   RO         2794    .ARM.Collect$$rtentry$$0000000C  c_w.l(__rtentry2.o)
    0x08000322   0x00000008   Code   RO         2795    .ARM.Collect$$rtentry$$0000000D  c_w.l(__rtentry2.o)
    0x0800032a   0x00000002   Code   RO         2886    .ARM.Collect$$rtexit$$00000000  c_w.l(rtexit.o)
    0x0800032c   0x00000000   Code   RO         2942    .ARM.Collect$$rtexit$$00000002  c_w.l(rtexit2.o)
    0x0800032c   0x00000004   Code   RO         2943    .ARM.Collect$$rtexit$$00000003  c_w.l(rtexit2.o)
    0x08000330   0x00000006   Code   RO         2944    .ARM.Collect$$rtexit$$00000004  c_w.l(rtexit2.o)
    0x08000336   0x00000002   PAD
    0x08000338   0x00000104   Code   RO            1    .text               bsp_led.o
    0x0800043c   0x00000058   Code   RO          133    .text               main.o
    0x08000494   0x000001b8   Code   RO          264    .text               board.o
    0x0800064c   0x00000010   Code   RO          292    .text               stm32f4xx_it.o
    0x0800065c   0x0000061c   Code   RO          316    .text               drv_gpio.o
    0x08000c78   0x000004f4   Code   RO          348    .text               drv_usart.o
    0x0800116c   0x00000658   Code   RO          384    .text               drv_spi.o
    0x080017c4   0x00000304   Code   RO          414    .text               drv_nrf24.o
    0x08001ac8   0x00000120   Code   RO          444    .text               system_stm32f4xx.o
    0x08001be8   0x00000040   Code   RO          475    .text               startup_stm32f429xx.o
    0x08001c28   0x000001b8   Code   RO          482    .text               stm32f4xx_hal.o
    0x08001de0   0x00000384   Code   RO          581    .text               stm32f4xx_hal_cortex.o
    0x08002164   0x000008ac   Code   RO          753    .text               stm32f4xx_hal_dma.o
    0x08002a10   0x000003dc   Code   RO          962    .text               stm32f4xx_hal_gpio.o
    0x08002dec   0x000002e8   Code   RO         1340    .text               stm32f4xx_hal_pwr_ex.o
    0x080030d4   0x0000089c   Code   RO         1382    .text               stm32f4xx_hal_rcc.o
    0x08003970   0x00001658   Code   RO         1592    .text               stm32f4xx_hal_spi.o
    0x08004fc8   0x000013ae   Code   RO         1682    .text               stm32f4xx_hal_uart.o
    0x08006376   0x00000002   PAD
    0x08006378   0x0000006c   Code   RO         1903    .text               clock.o
    0x080063e4   0x000000d8   Code   RO         1917    .text               components.o
    0x080064bc   0x0000039c   Code   RO         1936    .text               device.o
    0x08006858   0x00000148   Code   RO         1949    .text               idle.o
    0x080069a0   0x0000165c   Code   RO         1969    .text               ipc.o
    0x08007ffc   0x0000007c   Code   RO         1986    .text               irq.o
    0x08008078   0x00000ab0   Code   RO         2001    .text               kservice.o
    0x08008b28   0x000008f4   Code   RO         2021    .text               mem.o
    0x0800941c   0x00000348   Code   RO         2082    .text               object.o
    0x08009764   0x00000304   Code   RO         2101    .text               scheduler.o
    0x08009a68   0x00000690   Code   RO         2137    .text               thread.o
    0x0800a0f8   0x0000045c   Code   RO         2156    .text               timer.o
    0x0800a554   0x00000190   Code   RO         2175    .text               cpuport.o
    0x0800a6e4   0x00000110   Code   RO         2191    .text               context_rvds.o
    0x0800a7f4   0x00000148   Code   RO         2242    .text               i2c_core.o
    0x0800a93c   0x00000184   Code   RO         2258    .text               i2c_dev.o
    0x0800aac0   0x00000250   Code   RO         2285    .text               pin.o
    0x0800ad10   0x00000c84   Code   RO         2303    .text               serial.o
    0x0800b994   0x00000608   Code   RO         2319    .text               spi_core.o
    0x0800bf9c   0x0000020c   Code   RO         2341    .text               spi_dev.o
    0x0800c1a8   0x00000e44   Code   RO         2354    .text               spi_flash_sfud.o
    0x0800cfec   0x00000c78   Code   RO         2398    .text               sfud.o
    0x0800dc64   0x00000510   Code   RO         2430    .text               sfud_sfdp.o
    0x0800e174   0x000001cc   Code   RO         2443    .text               completion.o
    0x0800e340   0x00000428   Code   RO         2459    .text               dataqueue.o
    0x0800e768   0x000008d4   Code   RO         2537    .text               shell.o
    0x0800f03c   0x00000c04   Code   RO         2578    .text               cmd.o
    0x0800fc40   0x00000368   Code   RO         2599    .text               msh.o
    0x0800ffa8   0x00000022   Code   RO         2616    .text               msh_cmd.o
    0x0800ffca   0x000000ee   Code   RO         2640    .text               c_w.l(lludivv7m.o)
    0x080100b8   0x00000034   Code   RO         2642    .text               c_w.l(vsnprintf.o)
    0x080100ec   0x0000001a   Code   RO         2644    .text               c_w.l(atoi.o)
    0x08010106   0x0000001a   Code   RO         2646    .text               c_w.l(atol.o)
    0x08010120   0x00000058   Code   RO         2648    .text               c_w.l(memcmp.o)
    0x08010178   0x00000048   Code   RO         2650    .text               c_w.l(strcpy.o)
    0x080101c0   0x0000003e   Code   RO         2652    .text               c_w.l(strlen.o)
    0x080101fe   0x00000096   Code   RO         2654    .text               c_w.l(strncmp.o)
    0x08010294   0x00000018   Code   RO         2656    .text               c_w.l(strcat.o)
    0x080102ac   0x0000008a   Code   RO         2658    .text               c_w.l(rt_memcpy_v6.o)
    0x08010336   0x00000064   Code   RO         2660    .text               c_w.l(rt_memcpy_w.o)
    0x0801039a   0x00000044   Code   RO         2662    .text               c_w.l(rt_memclr.o)
    0x080103de   0x0000004e   Code   RO         2664    .text               c_w.l(rt_memclr_w.o)
    0x0801042c   0x00000080   Code   RO         2666    .text               c_w.l(strcmpv7m.o)
    0x080104ac   0x00000006   Code   RO         2668    .text               c_w.l(heapauxi.o)
    0x080104b2   0x00000002   PAD
    0x080104b4   0x00000008   Code   RO         2680    .text               c_w.l(rt_errno_addr_intlibspace.o)
    0x080104bc   0x0000004e   Code   RO         2684    .text               c_w.l(_printf_pad.o)
    0x0801050a   0x00000024   Code   RO         2686    .text               c_w.l(_printf_truncate.o)
    0x0801052e   0x00000052   Code   RO         2688    .text               c_w.l(_printf_str.o)
    0x08010580   0x00000078   Code   RO         2690    .text               c_w.l(_printf_dec.o)
    0x080105f8   0x00000028   Code   RO         2692    .text               c_w.l(_printf_charcount.o)
    0x08010620   0x00000030   Code   RO         2694    .text               c_w.l(_printf_char_common.o)
    0x08010650   0x0000000a   Code   RO         2696    .text               c_w.l(_sputc.o)
    0x0801065a   0x00000010   Code   RO         2698    .text               c_w.l(_snputc.o)
    0x0801066a   0x00000002   PAD
    0x0801066c   0x000000bc   Code   RO         2700    .text               c_w.l(_printf_wctomb.o)
    0x08010728   0x0000007c   Code   RO         2703    .text               c_w.l(_printf_longlong_dec.o)
    0x080107a4   0x00000070   Code   RO         2709    .text               c_w.l(_printf_oct_int_ll.o)
    0x08010814   0x00000094   Code   RO         2729    .text               c_w.l(_printf_hex_int_ll_ptr.o)
    0x080108a8   0x00000188   Code   RO         2749    .text               c_w.l(__printf_flags_ss_wp.o)
    0x08010a30   0x00000070   Code   RO         2775    .text               c_w.l(strtol.o)
    0x08010aa0   0x00000008   Code   RO         2785    .text               c_w.l(libspace.o)
    0x08010aa8   0x00000010   Code   RO         2803    .text               c_w.l(rt_ctype_table.o)
    0x08010ab8   0x0000008a   Code   RO         2807    .text               c_w.l(lludiv10.o)
    0x08010b42   0x000000b2   Code   RO         2809    .text               c_w.l(_printf_intcommon.o)
    0x08010bf4   0x0000041a   Code   RO         2811    .text               c_w.l(_printf_fp_dec.o)
    0x0801100e   0x00000002   PAD
    0x08011010   0x000002fc   Code   RO         2813    .text               c_w.l(_printf_fp_hex.o)
    0x0801130c   0x0000002c   Code   RO         2818    .text               c_w.l(_printf_char.o)
    0x08011338   0x0000002c   Code   RO         2820    .text               c_w.l(_printf_wchar.o)
    0x08011364   0x0000009e   Code   RO         2823    .text               c_w.l(_strtoul.o)
    0x08011402   0x00000040   Code   RO         2825    .text               c_w.l(_wcrtomb.o)
    0x08011442   0x0000004a   Code   RO         2827    .text               c_w.l(sys_stackheap_outer.o)
    0x0801148c   0x00000008   Code   RO         2832    .text               c_w.l(rt_locale_intlibspace.o)
    0x08011494   0x00000080   Code   RO         2834    .text               c_w.l(_printf_fp_infnan.o)
    0x08011514   0x0000001c   Code   RO         2836    .text               c_w.l(_chval.o)
    0x08011530   0x000000dc   Code   RO         2838    .text               c_w.l(bigflt0.o)
    0x0801160c   0x00000012   Code   RO         2869    .text               c_w.l(exit.o)
    0x0801161e   0x00000002   PAD
    0x08011620   0x0000000c   Code   RO         2939    .text               c_w.l(sys_exit.o)
    0x0801162c   0x00000002   Code   RO         2958    .text               c_w.l(use_no_semi.o)
    0x0801162e   0x00000000   Code   RO         2960    .text               c_w.l(indicate_semi.o)
    0x0801162e   0x0000003e   Code   RO         2841    CL$$btod_d2e        c_w.l(btod.o)
    0x0801166c   0x00000046   Code   RO         2843    CL$$btod_d2e_denorm_low  c_w.l(btod.o)
    0x080116b2   0x00000060   Code   RO         2842    CL$$btod_d2e_norm_op1  c_w.l(btod.o)
    0x08011712   0x00000338   Code   RO         2851    CL$$btod_div_common  c_w.l(btod.o)
    0x08011a4a   0x000000c6   Code   RO         2848    CL$$btod_e2e        c_w.l(btod.o)
    0x08011b10   0x00000028   Code   RO         2845    CL$$btod_ediv       c_w.l(btod.o)
    0x08011b38   0x00000028   Code   RO         2844    CL$$btod_emul       c_w.l(btod.o)
    0x08011b60   0x00000244   Code   RO         2850    CL$$btod_mult_common  c_w.l(btod.o)
    0x08011da4   0x00000030   Code   RO         2884    i.__ARM_fpclassify  m_wm.l(fpclassify.o)
    0x08011dd4   0x0000000e   Code   RO         2742    i._is_digit         c_w.l(__printf_wp.o)
    0x08011de2   0x00000002   PAD
    0x08011de4   0x0000002c   Code   RO         2864    locale$$code        c_w.l(lc_ctype_c.o)
    0x08011e10   0x0000002c   Code   RO         2867    locale$$code        c_w.l(lc_numeric_c.o)
    0x08011e3c   0x0000000a   Code   RO         2954    x$fpl$fpinit        fz_wm.l(fpinit.o)
    0x08011e46   0x00000004   Code   RO         2777    x$fpl$printf1       fz_wm.l(printf1.o)
    0x08011e4a   0x00000004   Code   RO         2779    x$fpl$printf2       fz_wm.l(printf2.o)
    0x08011e4e   0x00000000   Code   RO         2883    x$fpl$usenofp       fz_wm.l(usenofp.o)
    0x08011e4e   0x00000002   PAD
    0x08011e50   0x00000d68   Data   RO          317    .constdata          drv_gpio.o
    0x08012bb8   0x00000048   Data   RO          350    .constdata          drv_usart.o
    0x08012c00   0x0000002c   Data   RO          386    .constdata          drv_spi.o
    0x08012c2c   0x0000001c   Data   RO          416    .constdata          drv_nrf24.o
    0x08012c48   0x00000018   Data   RO          445    .constdata          system_stm32f4xx.o
    0x08012c60   0x00000008   Data   RO          754    .constdata          stm32f4xx_hal_dma.o
    0x08012c68   0x00000014   Data   RO         1918    .constdata          components.o
    0x08012c7c   0x000000b7   Data   RO         1937    .constdata          device.o
    0x08012d33   0x00000016   Data   RO         1951    .constdata          idle.o
    0x08012d49   0x000001d7   Data   RO         1970    .constdata          ipc.o
    0x08012f20   0x00000122   Data   RO         2003    .constdata          kservice.o
    0x08013042   0x00000046   Data   RO         2023    .constdata          mem.o
    0x08013088   0x0000006d   Data   RO         2083    .constdata          object.o
    0x080130f5   0x0000004e   Data   RO         2103    .constdata          scheduler.o
    0x08013143   0x000000b9   Data   RO         2138    .constdata          thread.o
    0x080131fc   0x0000005c   Data   RO         2157    .constdata          timer.o
    0x08013258   0x00000013   Data   RO         2176    .constdata          cpuport.o
    0x0801326b   0x00000013   Data   RO         2243    .constdata          i2c_core.o
    0x0801327e   0x0000005e   Data   RO         2259    .constdata          i2c_dev.o
    0x080132dc   0x0000007e   Data   RO         2287    .constdata          pin.o
    0x0801335a   0x0000012a   Data   RO         2304    .constdata          serial.o
    0x08013484   0x000000a3   Data   RO         2320    .constdata          spi_core.o
    0x08013527   0x00000081   Data   RO         2342    .constdata          spi_dev.o
    0x080135a8   0x0000006c   Data   RO         2356    .constdata          spi_flash_sfud.o
    0x08013614   0x000001e0   Data   RO         2400    .constdata          sfud.o
    0x080137f4   0x00000039   Data   RO         2444    .constdata          completion.o
    0x0801382d   0x0000004b   Data   RO         2460    .constdata          dataqueue.o
    0x08013878   0x0000005b   Data   RO         2539    .constdata          shell.o
    0x080138d3   0x00000001   PAD
    0x080138d4   0x00000050   Data   RO         2579    .constdata          cmd.o
    0x08013924   0x0000000e   Data   RO         2600    .constdata          msh.o
    0x08013932   0x00000002   PAD
    0x08013934   0x00000008   Data   RO         2701    .constdata          c_w.l(_printf_wctomb.o)
    0x0801393c   0x00000028   Data   RO         2730    .constdata          c_w.l(_printf_hex_int_ll_ptr.o)
    0x08013964   0x00000011   Data   RO         2750    .constdata          c_w.l(__printf_flags_ss_wp.o)
    0x08013975   0x00000026   Data   RO         2814    .constdata          c_w.l(_printf_fp_hex.o)
    0x0801399b   0x00000001   PAD
    0x0801399c   0x00000094   Data   RO         2839    .constdata          c_w.l(bigflt0.o)
    0x08013a30   0x000000ed   Data   RO         2024    .conststring        mem.o
    0x08013b1d   0x00000003   PAD
    0x08013b20   0x000002c1   Data   RO         2357    .conststring        spi_flash_sfud.o
    0x08013de1   0x00000003   PAD
    0x08013de4   0x00000114   Data   RO         2401    .conststring        sfud.o
    0x08013ef8   0x0000013f   Data   RO         2431    .conststring        sfud_sfdp.o
    0x08014037   0x00000001   PAD
    0x08014038   0x0000015d   Data   RO         2580    .conststring        cmd.o
    0x08014195   0x00000027   Data   RO         2026    .rodata.name        mem.o
    0x080141bc   0x00000069   Data   RO         2288    .rodata.name        pin.o
    0x08014225   0x0000001c   Data   RO         2359    .rodata.name        spi_flash_sfud.o
    0x08014241   0x00000385   Data   RO         2581    .rodata.name        cmd.o
    0x080145c6   0x00000021   Data   RO         2601    .rodata.name        msh.o
    0x080145e7   0x0000007b   Data   RO         2617    .rodata.name        msh_cmd.o
    0x08014662   0x00000002   PAD
    0x08014664   0x00000004   Data   RO         1919    .rti_fn.0           components.o
    0x08014668   0x00000004   Data   RO         1920    .rti_fn.0.end       components.o
    0x0801466c   0x00000004   Data   RO          319    .rti_fn.1           drv_gpio.o
    0x08014670   0x00000004   Data   RO          351    .rti_fn.1           drv_usart.o
    0x08014674   0x00000004   Data   RO          388    .rti_fn.1           drv_spi.o
    0x08014678   0x00000004   Data   RO         1921    .rti_fn.1.end       components.o
    0x0801467c   0x00000004   Data   RO         2244    .rti_fn.4           i2c_core.o
    0x08014680   0x00000004   Data   RO            4    .rti_fn.6           bsp_led.o
    0x08014684   0x00000004   Data   RO         2541    .rti_fn.6           shell.o
    0x08014688   0x00000004   Data   RO         1922    .rti_fn.6.end       components.o
    0x0801468c   0x0000000c   Data   RO         2027    FSymTab             mem.o
    0x08014698   0x00000024   Data   RO         2289    FSymTab             pin.o
    0x080146bc   0x0000000c   Data   RO         2360    FSymTab             spi_flash_sfud.o
    0x080146c8   0x00000120   Data   RO         2582    FSymTab             cmd.o
    0x080147e8   0x0000000c   Data   RO         2602    FSymTab             msh.o
    0x080147f4   0x00000024   Data   RO         2618    FSymTab             msh_cmd.o
    0x08014818   0x00000020   Data   RO         3010    Region$$Table       anon$$obj.o
    0x08014838   0x00000110   Data   RO         2863    locale$$data        c_w.l(lc_ctype_c.o)
    0x08014948   0x0000001c   Data   RO         2866    locale$$data        c_w.l(lc_numeric_c.o)


    Execution Region RW_IRAM1 (Base: 0x20000000, Size: 0x000022a0, Max: 0x00020000, ABSOLUTE, COMPRESSED[0x00000070])

    Base Addr    Size         Type   Attr      Idx    E Section Name        Object

    0x20000000   0x00000005   Data   RW            3    .data               bsp_led.o
    0x20000005   0x00000014   Data   RW          134    .data               main.o
    0x20000019   0x00000003   PAD
    0x2000001c   0x000000c0   Data   RW          318    .data               drv_gpio.o
    0x200000dc   0x00000018   Data   RW          387    .data               drv_spi.o
    0x200000f4   0x00000004   Data   RW          417    .data               drv_nrf24.o
    0x200000f8   0x00000004   Data   RW          446    .data               system_stm32f4xx.o
    0x200000fc   0x00000004   Data   RW          483    .data               stm32f4xx_hal.o
    0x20000100   0x00000004   Data   RW         1904    .data               clock.o
    0x20000104   0x00000004   Data   RW         1952    .data               idle.o
    0x20000108   0x00000009   Data   RW         1987    .data               irq.o
    0x20000111   0x00000003   PAD
    0x20000114   0x0000000c   Data   RW         2004    .data               kservice.o
    0x20000120   0x00000020   Data   RW         2025    .data               mem.o
    0x20000140   0x000000b4   Data   RW         2084    .data               object.o
    0x200001f4   0x0000001c   Data   RW         2104    .data               scheduler.o
    0x20000210   0x0000000c   Data   RW         2139    .data               thread.o
    0x2000021c   0x00000010   Data   RW         2158    .data               timer.o
    0x2000022c   0x00000010   Data   RW         2177    .data               cpuport.o
    0x2000023c   0x0000000c   Data   RW         2358    .data               spi_flash_sfud.o
    0x20000248   0x00000004   Data   RW         2540    .data               shell.o
    0x2000024c   0x00000010   Data   RW         2562    .data               symbol.o
    0x2000025c   0x0000002c   Zero   RW            2    .bss                bsp_led.o
    0x20000288   0x000001c8   Zero   RW          349    .bss                drv_usart.o
    0x20000450   0x00000144   Zero   RW          385    .bss                drv_spi.o
    0x20000594   0x0000004c   Zero   RW          415    .bss                drv_nrf24.o
    0x200005e0   0x00000280   Zero   RW         1950    .bss                idle.o
    0x20000860   0x00000080   Zero   RW         2002    .bss                kservice.o
    0x200008e0   0x00000020   Zero   RW         2022    .bss                mem.o
    0x20000900   0x00000100   Zero   RW         2102    .bss                scheduler.o
    0x20000a00   0x00000044   Zero   RW         2286    .bss                pin.o
    0x20000a44   0x00000080   Zero   RW         2355    .bss                spi_flash_sfud.o
    0x20000ac4   0x00000074   Zero   RW         2399    .bss                sfud.o
    0x20000b38   0x00001101   Zero   RW         2538    .bss                shell.o
    0x20001c39   0x00000003   PAD
    0x20001c3c   0x00000060   Zero   RW         2786    .bss                c_w.l(libspace.o)
    0x20001c9c   0x00000004   PAD
    0x20001ca0   0x00000200   Zero   RW          473    HEAP                startup_stm32f429xx.o
    0x20001ea0   0x00000400   Zero   RW          472    STACK               startup_stm32f429xx.o


==============================================================================

Image component sizes


      Code (inc. data)   RO Data    RW Data    ZI Data      Debug   Object Name

       440         42          0          0          0       2323   board.o
       260         70          4          5         44      26408   bsp_led.o
       108          6          0          4          0       1616   clock.o
      3076       1336       1618          0          0      14383   cmd.o
       460        128         57          0          0       4251   completion.o
       216         42         36          0          0       2542   components.o
       272         26          0          0          0        808   context_rvds.o
       400        188         19         16          0       3731   cpuport.o
      1064        118         75          0          0       4813   dataqueue.o
       924        158        183          0          0       5390   device.o
      1564         40       3436        192          0       8182   drv_gpio.o
       772        134         28          4         76       3371   drv_nrf24.o
      1624        214         48         24        324       5421   drv_spi.o
      1268        164         76          0        456      30927   drv_usart.o
       328         36         23          0          0       3272   i2c_core.o
       388         64         94          0          0       2516   i2c_dev.o
       328         76         22          4        640       4541   idle.o
      5724        422        471          0          0      21523   ipc.o
       124         14          0          9          0       1924   irq.o
      2736        228        290         12        128      12460   kservice.o
        88         46          0         20          0     716209   main.o
      2292        644        358         32         32       5579   mem.o
       872        136         59          0          0       4300   msh.o
        34          0        159          0          0       2279   msh_cmd.o
       840        182        109        180          0       7680   object.o
       592         94        267          0         68       5031   pin.o
       772        150         78         28        256       6193   scheduler.o
      3204        412        298          0          0       9753   serial.o
      3192        712        756          0        116      16879   sfud.o
      1296        316        319          0          0       3995   sfud_sfdp.o
      2260        228         95          4       4353       5957   shell.o
      1544        114        163          0          0       5798   spi_core.o
       524        148        129          0          0       3479   spi_dev.o
      3652       1314        853         12        128      16763   spi_flash_sfud.o
        64         26        428          0       1536        932   startup_stm32f429xx.o
       440         36          0          4          0       5329   stm32f4xx_hal.o
       900         22          0          0          0      32474   stm32f4xx_hal_cortex.o
      2220         26          8          0          0       7149   stm32f4xx_hal_dma.o
       988         54          0          0          0       3663   stm32f4xx_hal_gpio.o
       744         20          0          0          0       3743   stm32f4xx_hal_pwr_ex.o
      2204         66          0          0          0       5215   stm32f4xx_hal_rcc.o
      5720        110          0          0          0      17713   stm32f4xx_hal_spi.o
      5038         50          0          0          0      16152   stm32f4xx_hal_uart.o
        16          0          0          0          0        848   stm32f4xx_it.o
         0          0          0         16          0       4989   symbol.o
       288         32         24          4          0       1793   system_stm32f4xx.o
      1680        296        185         12          0       9885   thread.o
      1116        100         92         16          0       8251   timer.o

    ----------------------------------------------------------------------
     64658       8840      10904        604       8160    1088433   Object Totals
         0          0         32          0          0          0   (incl. Generated)
         2          0         12          6          3          0   (incl. Padding)

    ----------------------------------------------------------------------

      Code (inc. data)   RO Data    RW Data    ZI Data      Debug   Library Member Name

        90          0          0          0          0          0   __dczerorl2.o
         8          0          0          0          0         68   __main.o
       392          4         17          0          0         92   __printf_flags_ss_wp.o
        14          0          0          0          0         68   __printf_wp.o
         0          0          0          0          0          0   __rtentry.o
        12          0          0          0          0          0   __rtentry2.o
         6          0          0          0          0          0   __rtentry4.o
        52          8          0          0          0          0   __scatter.o
        28          0          0          0          0          0   __scatter_zi.o
        28          0          0          0          0         68   _chval.o
         6          0          0          0          0          0   _printf_a.o
         6          0          0          0          0          0   _printf_c.o
        44          0          0          0          0        108   _printf_char.o
        48          6          0          0          0         96   _printf_char_common.o
        40          0          0          0          0         68   _printf_charcount.o
         6          0          0          0          0          0   _printf_d.o
       120         16          0          0          0         92   _printf_dec.o
         6          0          0          0          0          0   _printf_e.o
         6          0          0          0          0          0   _printf_f.o
      1050          0          0          0          0        216   _printf_fp_dec.o
       764          8         38          0          0        100   _printf_fp_hex.o
       128         16          0          0          0         84   _printf_fp_infnan.o
         6          0          0          0          0          0   _printf_g.o
       148          4         40          0          0        160   _printf_hex_int_ll_ptr.o
         6          0          0          0          0          0   _printf_i.o
       178          0          0          0          0         88   _printf_intcommon.o
        10          0          0          0          0          0   _printf_l.o
         6          0          0          0          0          0   _printf_lc.o
        10          0          0          0          0          0   _printf_ll.o
         6          0          0          0          0          0   _printf_lld.o
         6          0          0          0          0          0   _printf_lli.o
         6          0          0          0          0          0   _printf_llo.o
         6          0          0          0          0          0   _printf_llu.o
         6          0          0          0          0          0   _printf_llx.o
       124         16          0          0          0         92   _printf_longlong_dec.o
         6          0          0          0          0          0   _printf_ls.o
         6          0          0          0          0          0   _printf_n.o
         6          0          0          0          0          0   _printf_o.o
       112         10          0          0          0        124   _printf_oct_int_ll.o
         6          0          0          0          0          0   _printf_p.o
        78          0          0          0          0        108   _printf_pad.o
         0          0          0          0          0          0   _printf_percent.o
         4          0          0          0          0          0   _printf_percent_end.o
         6          0          0          0          0          0   _printf_s.o
        82          0          0          0          0         80   _printf_str.o
        36          0          0          0          0         84   _printf_truncate.o
         6          0          0          0          0          0   _printf_u.o
        44          0          0          0          0        108   _printf_wchar.o
       188          6          8          0          0         92   _printf_wctomb.o
         6          0          0          0          0          0   _printf_x.o
        16          0          0          0          0         68   _snputc.o
        10          0          0          0          0         68   _sputc.o
       158          0          0          0          0         92   _strtoul.o
        64          0          0          0          0         92   _wcrtomb.o
        26          0          0          0          0         80   atoi.o
        26          0          0          0          0         80   atol.o
       220          4        148          0          0         96   bigflt0.o
      1910        128          0          0          0        672   btod.o
        18          0          0          0          0         80   exit.o
         6          0          0          0          0        152   heapauxi.o
         0          0          0          0          0          0   indicate_semi.o
        44         10        272          0          0         76   lc_ctype_c.o
        44         10         28          0          0         76   lc_numeric_c.o
         2          0          0          0          0          0   libinit.o
        34          0          0          0          0          0   libinit2.o
         2          0          0          0          0          0   libshutdown.o
         2          0          0          0          0          0   libshutdown2.o
         8          4          0          0         96         68   libspace.o
       138          0          0          0          0         80   lludiv10.o
       238          0          0          0          0        100   lludivv7m.o
        88          0          0          0          0         76   memcmp.o
        16          4          0          0          0         76   rt_ctype_table.o
         8          4          0          0          0         68   rt_errno_addr_intlibspace.o
         8          4          0          0          0         68   rt_locale_intlibspace.o
        68          0          0          0          0         68   rt_memclr.o
        78          0          0          0          0         80   rt_memclr_w.o
       138          0          0          0          0         68   rt_memcpy_v6.o
       100          0          0          0          0         80   rt_memcpy_w.o
         2          0          0          0          0          0   rtexit.o
        10          0          0          0          0          0   rtexit2.o
        24          0          0          0          0         68   strcat.o
       128          0          0          0          0         68   strcmpv7m.o
        72          0          0          0          0         80   strcpy.o
        62          0          0          0          0         76   strlen.o
       150          0          0          0          0         80   strncmp.o
       112          0          0          0          0         88   strtol.o
        12          4          0          0          0         68   sys_exit.o
        74          0          0          0          0         80   sys_stackheap_outer.o
         2          0          0          0          0         68   use_no_semi.o
        52          4          0          0          0         80   vsnprintf.o
        10          0          0          0          0        116   fpinit.o
         4          0          0          0          0        116   printf1.o
         4          0          0          0          0        116   printf2.o
         0          0          0          0          0          0   usenofp.o
        48          0          0          0          0        124   fpclassify.o

    ----------------------------------------------------------------------
      8210        270        552          0        100       5688   Library Totals
        16          0          1          0          4          0   (incl. Padding)

    ----------------------------------------------------------------------

      Code (inc. data)   RO Data    RW Data    ZI Data      Debug   Library Name

      8128        270        551          0         96       5216   c_w.l
        18          0          0          0          0        348   fz_wm.l
        48          0          0          0          0        124   m_wm.l

    ----------------------------------------------------------------------
      8210        270        552          0        100       5688   Library Totals

    ----------------------------------------------------------------------

==============================================================================


      Code (inc. data)   RO Data    RW Data    ZI Data      Debug   

     72868       9110      11456        604       8260    1080857   Grand Totals
     72868       9110      11456        112       8260    1080857   ELF Image Totals (compressed)
     72868       9110      11456        112          0          0   ROM Totals

==============================================================================

    Total RO  Size (Code + RO Data)                84324 (  82.35kB)
    Total RW  Size (RW Data + ZI Data)              8864 (   8.66kB)
    Total ROM Size (Code + RO Data + RW Data)      84436 (  82.46kB)

==============================================================================

